[pastaghigame.com/index.html]
[pastaghigame.com/img.itch.zone/aW1nLzc3MDY2OTEucG5n/32x32#/EYAaI0.png]
[pastaghigame.com/pastaghi/devlog.rss]
[backblue.gif]
[fade.gif]
[index.html]
[pastaghigame.com/www.google-analytics.com/analytics.js]
[www.google-analytics.com/plugins/ua/ecommerce.js]
[pastaghigame.com/static.itch.io/game2c372c37.css]
[pastaghigame.com/static.itch.io/lib2c372c37.js]
[pastaghigame.com/static.itch.io/bundle.min2c372c37.js]
[pastaghigame.com/static.itch.io/lib/jquery.maskMoney.js]
[pastaghigame.com/static.itch.io/game.min2c372c37.js]
[pastaghigame.com/img.itch.zone/aW1nLzc2OTE2NTYucG5n/original/MA65Ob.png]
[pastaghigame.com/img.itch.zone/aW1nLzc2OTA5MjIucG5n/original/uOYnpx.png]
[pastaghigame.com/img.itch.zone/aW1nLzc2OTE5OTgucG5n/original/mnFJnr.png]
[pastaghigame.com/img.itch.zone/aW1nLzc2OTE3MzIucG5n/original/W/Bfma.png]
[pastaghigame.com/img.itch.zone/aW1nLzc2OTE5OTkucG5n/original/XALodr.png]
[pastaghigame.com/img.itch.zone/aW1nLzc2OTA5OTUucG5n/original/TV8Nq3.png]
[pastaghigame.com/img.itch.zone/aW1nLzc2OTE3MzMucG5n/original/AFGPK5.png]
[pastaghigame.com/img.itch.zone/aW1nLzc2OTIwMDEucG5n/original/71v3Ch.png]
[pastaghigame.com/img.itch.zone/aW1nLzc2OTExNjYucG5n/original/s1nNHy.png]
[pastaghigame.com/img.itch.zone/aW1nLzc2OTExNDEucG5n/original/NtHdPW.png]
[pastaghigame.com/img.itch.zone/aW1nLzc2OTExNDUucG5n/original/t3Yjft.png]
[pastaghigame.com/img.itch.zone/aW1nLzc2OTExNTAucG5n/original/8JzaUe.png]
[pastaghigame.com/img.itch.zone/aW1nLzc2OTExNTkucG5n/original/NNljBf.png]
[pastaghigame.com/img.itch.zone/aW1nLzc2OTExNTIucG5n/original/i5r1CY.png]
[pastaghigame.com/img.itch.zone/aW1nLzc2OTExNTMucG5n/original/W9PDep.png]
[pastaghigame.com/img.itch.zone/aW1nLzc2OTIwMDYucG5n/original/k1OZ/v.png]
[pastaghigame.com/index-2.html]
[pastaghigame.com/pastaghi/devlog/338446/pastaghi-102-update.html]
[pastaghigame.com/pastaghi/devlog/327506/pastaghi-101-update.html]
[pastaghigame.com/img.itch.zone/aW1nLzc4ODAzNTMuZ2lm/25x25#/KldJZi.gif]
[pastaghigame.com/img.itch.zone/aW1nLzQ0NDU4MDMucG5n/25x25#/PqCOzp.png]
[pastaghigame.com/static/images/frog-red.png]
[pastaghigame.com/static/images/frog-blue.png]
[pastaghigame.com/img.itch.zone/aW1nLzczMjk1NzguanBn/25x25#/hyoEz9.jpg]
[pastaghigame.com/_/www.youtube.com/embed/tMYs2iKdrJs_.html]
[pastaghigame.com/img.itch.zone/aW1nLzc4MTcxOTkucG5n/25x25#/BDE0Em.png]
[pastaghigame.com/img.itch.zone/aW1nLzc0ODAxNTMuanBn/25x25#/fEEV6i.jpg]
[pastaghigame.com/static/images/frog-gold.png]
[pastaghigame.com/img.itch.zone/aW1nLzc4MjcxNTkucG5n/25x25#/50EVuD.png]
[pastaghigame.com/img.itch.zone/aW1nLzc3NzUzMjUuanBn/25x25#/5t6Vqr.jpg]
[pastaghigame.com/img.itch.zone/aW1nLzc3MTgxMzUuanBn/25x25#/zimAAJ.jpg]
[pastaghigame.com/img.itch.zone/aW1nLzczMjE2MzMuZ2lm/25x25#/Eh4VLB.gif]
[pastaghigame.com/static/images/frog.png]
[pastaghigame.com/img.itch.zone/aW1nLzY5ODc2MzUucG5n/25x25#/bfqfKG.png]
[pastaghigame.com/_/www.youtube.com/embed/CCeCjKCLbZo_.html]
[pastaghigame.com/static/images/frog-cyan.png]
[pastaghigame.com/img.itch.zone/aW1nLzc2NDE0MzIucG5n/25x25#/C/A0uP.png]
[pastaghigame.com/img.itch.zone/aW1nLzc3NTY0MzQuanBn/25x25#/IN2NKV.jpg]
[pastaghigame.com/img.itch.zone/aW1nLzc3NTcwMTAuZ2lm/original/Ccrefb.gif]
[pastaghigame.com/img.itch.zone/aW1nLzY1MzM5ODcucG5n/25x25#/hemo90.png]
[pastaghigame.com/_/www.youtube.com/embed/NJwtfJEpcag_.html]
[pastaghigame.com/img.itch.zone/aW1nLzgxNjQyNDkuZ2lm/25x25#/GKwU2E.gif]
[pastaghigame.com/img.itch.zone/aW1nLzU1MjU5MDAucG5n/25x25#/fgnBZr.png]
[pastaghigame.com/img.itch.zone/aW1nLzc2NDE4NzAucG5n/25x25#/H6gUpr.png]
[pastaghigame.com/_/www.youtube.com/embed/-3gjl3s6EyA_.html]
[pastaghigame.com/img.itch.zone/aW1nLzc3MjI2OTYucG5n/25x25#/zCx7qo.png]
[pastaghigame.com/img.itch.zone/aW1nLzQ2OTY4NTIuanBn/25x25#/MfJcrM.jpg]
[pastaghigame.com/img.itch.zone/aW1nLzYwODQ0MDgucG5n/25x25#/yZtDCs.png]
[pastaghigame.com/img.itch.zone/aW1hZ2UvMTMyMjYwMi83NjkxNjI0LnBuZw==/original/0CS53v.png]
[pastaghigame.com/img.itch.zone/aW1hZ2UvMTMyMjYwMi83NjkxNjI0LnBuZw==/347x500/n1RVAb.png]
[pastaghigame.com/img.itch.zone/aW1hZ2UvMTMyMjYwMi83NjkxNjI1LnBuZw==/original/kMjzby.png]
[pastaghigame.com/img.itch.zone/aW1hZ2UvMTMyMjYwMi83NjkxNjI1LnBuZw==/347x500/lx5QcV.png]
[pastaghigame.com/img.itch.zone/aW1hZ2UvMTMyMjYwMi83NjkxNjI5LnBuZw==/original/XGeSqY.png]
[pastaghigame.com/img.itch.zone/aW1hZ2UvMTMyMjYwMi83NjkxNjI5LnBuZw==/347x500/I2XQzX.png]
[pastaghigame.com/img.itch.zone/aW1hZ2UvMTMyMjYwMi83NjkxNjI2LnBuZw==/original/gCHVWf.png]
[pastaghigame.com/img.itch.zone/aW1hZ2UvMTMyMjYwMi83NjkxNjI2LnBuZw==/347x500/GO/8dr.png]
[pastaghigame.com/img.itch.zone/aW1hZ2UvMTMyMjYwMi83NjkxNjI4LnBuZw==/original/sprgZB.png]
[pastaghigame.com/img.itch.zone/aW1hZ2UvMTMyMjYwMi83NjkxNjI4LnBuZw==/347x500/8Zl1hn.png]
[pastaghigame.com/img.itch.zone/aW1hZ2UvMTMyMjYwMi83NzA2OTE2LnBuZw==/original/YzqauB.png]
[pastaghigame.com/img.itch.zone/aW1hZ2UvMTMyMjYwMi83NzA2OTE2LnBuZw==/347x500/9juAcD.png]
[pastaghigame.com/index.html]
[pastaghigame.com/pastaghi/devlog.html]
[pastaghigame.com/www.google-analytics.com/analytics.html]
[pastaghigame.com/static.itch.io/fonts/lato-v14-latin-regular.woff2]
[pastaghigame.com/static.itch.io/fonts/lato-v14-latin-regular.woff]
[pastaghigame.com/static.itch.io/fonts/lato-v14-latin-italic.woff2]
[pastaghigame.com/static.itch.io/fonts/lato-v14-latin-italic.woff]
[pastaghigame.com/static.itch.io/fonts/lato-v14-latin-700.woff2]
[pastaghigame.com/static.itch.io/fonts/lato-v14-latin-700.woff]
[pastaghigame.com/static.itch.io/fonts/lato-v14-latin-900.woff2]
[pastaghigame.com/static.itch.io/fonts/lato-v14-latin-900.woff]
[pastaghigame.com/static.itch.io/fonts/Lato-Regular.woff2]
[pastaghigame.com/static.itch.io/fonts/Lato-Regular.woff]
[pastaghigame.com/static.itch.io/fonts/Lato-Italic.woff2]
[pastaghigame.com/static.itch.io/fonts/Lato-Italic.woff]
[pastaghigame.com/static.itch.io/fonts/Lato-Bold.woff2]
[pastaghigame.com/static.itch.io/fonts/Lato-Bold.woff]
[pastaghigame.com/static.itch.io/fonts/Lato-Black.woff2]
[pastaghigame.com/static.itch.io/fonts/Lato-Black.woff]
[pastaghigame.com/static.itch.io/images/loader.gif]
[pastaghigame.com/static.itch.io/images/loader-dark.gif]
[pastaghigame.com/static.itch.io/images/loader-huge.gif]
[pastaghigame.com/static.itch.io/images/cc-loader.gif]
[pastaghigame.com/static.itch.io/images/youtube_icon.svg]
[pastaghigame.com/static.itch.io/images/twitch_logo.svg]
[pastaghigame.com/static.itch.io/images/loading.svg]
[pastaghigame.com/static.itch.io/images/popup-tick-right.png]
[pastaghigame.com/static.itch.io/images/popup-tick-left.png]
[pastaghigame.com/static.itch.io/fonts/04b03.eot]
[pastaghigame.com/static.itch.io/fonts/04b03d41dd41d.eot]
[pastaghigame.com/static.itch.io/fonts/04b03.woff2]
[pastaghigame.com/static.itch.io/fonts/04b03.woff]
[pastaghigame.com/static.itch.io/fonts/04b03.ttf]
[pastaghigame.com/static.itch.io/lib/farbtastic/wheel.png]
[pastaghigame.com/static.itch.io/lib/farbtastic/mask.png]
[pastaghigame.com/static.itch.io/lib/farbtastic/marker.png]
[pastaghigame.com/static.itch.io/images/logo-white-new.svg]
[pastaghigame.com/static.itch.io/images/snowrepeat.svg]
[pastaghigame.com/static.itch.io/images/logo-black-new.svg]
[pastaghigame.com/static.itch.io/images/logo-white-new-halloweenc81ec81e.svg]
[pastaghigame.com/static.itch.io/images/itchio-textless-black.svg]
[pastaghigame.com/static.itch.io/images/itchio-textless-white.svg]
[pastaghigame.com/static.itch.io/images/logo-textless-white-holiday.svg]
[pastaghigame.com/static.itch.io/images/itchio-textless-white-halloweenc81ec81e.svg]
[pastaghigame.com/static.itch.io/icons/fonts/icomoon053c053c.eot]
[pastaghigame.com/static.itch.io/icons/fonts/icomoon053c053c.ttf]
[pastaghigame.com/static.itch.io/icons/fonts/icomoon053c053c.woff]
[pastaghigame.com/static.itch.io/game2c372c37.css]
[pastaghigame.com/static.itch.io/icons/fonts/icomoon053c053c.svg]
[pastaghigame.com/index-2.html]
[pastaghigame.com/pastaghi/devlog/338446/pastaghi-102-update.html]
[pastaghigame.com/pastaghi/devlog/327506/pastaghi-101-update.html]
[pastaghigame.com/static/images/frog-red.html]
[pastaghigame.com/static/images/frog-blue.html]
[pastaghigame.com/_/www.youtube.com/embed/tMYs2iKdrJs_.html]
[pastaghigame.com/static/images/frog-gold.html]
[pastaghigame.com/static/images/frog.html]
[pastaghigame.com/img.itch.zone/aW1nLzc4MTU4MTYuanBn/25x25#/zv+Qhg.html]
[pastaghigame.com/_/www.youtube.com/embed/CCeCjKCLbZo_.html]
[pastaghigame.com/static/images/frog-cyan.html]
[pastaghigame.com/_/www.youtube.com/embed/NJwtfJEpcag_.html]
[pastaghigame.com/_/www.youtube.com/embed/-3gjl3s6EyA_.html]
[pastaghigame.com/static.itch.io/images/youtube_icon.svg]
[pastaghigame.com/static.itch.io/images/twitch_logo.svg]
[pastaghigame.com/static.itch.io/images/loading.svg]
[pastaghigame.com/static.itch.io/images/logo-white-new.svg]
[pastaghigame.com/static.itch.io/images/snowrepeat.svg]
[pastaghigame.com/static.itch.io/images/logo-black-new.svg]
[pastaghigame.com/static.itch.io/images/logo-white-new-halloweenc81ec81e.svg]
[pastaghigame.com/static.itch.io/images/itchio-textless-black.svg]
[pastaghigame.com/static.itch.io/images/itchio-textless-white.svg]
[pastaghigame.com/static.itch.io/images/logo-textless-white-holiday.svg]
[pastaghigame.com/static.itch.io/images/itchio-textless-white-halloweenc81ec81e.svg]
[pastaghigame.com/static.itch.io/icons/fonts/icomoon053c053c.svg]
[pastaghigame.com/static.itch.io/home/leafo/snowrepeat.html]
